// Jest Snapshot v1, https://goo.gl/fbAQLP

exports[`JSONRuleEngineVisualiser renders properly 1`] = `
<form
  action="#"
>
  <div
    class="MuiGrid-root MuiGrid-container MuiGrid-spacing-xs-2"
  >
    <div
      class="MuiGrid-root MuiGrid-item MuiGrid-grid-sm-12"
      style="margin:10px"
    >
      <div
        class="MuiGrid-root makeStyles-groupGrid-1 MuiGrid-container MuiGrid-spacing-xs-2"
      >
        <div
          class="MuiGrid-root MuiGrid-item MuiGrid-grid-sm-3"
        >
          <label
            class="MuiFormLabel-root MuiInputLabel-root MuiInputLabel-animated"
            id="boolean expression"
          >
            Boolean Expression
          </label>
          <div
            class="MuiInputBase-root MuiInput-root MuiInput-underline MuiInputBase-fullWidth MuiInput-fullWidth"
          >
            <div
              aria-haspopup="listbox"
              aria-labelledby="boolean expression mui-component-select-a_expression"
              class="MuiSelect-root MuiSelect-select MuiSelect-selectMenu MuiInputBase-input MuiInput-input"
              id="mui-component-select-a_expression"
              role="button"
              tabindex="0"
            >
              ANY
            </div>
            <input
              aria-hidden="true"
              class="MuiSelect-nativeInput"
              name="a_expression"
              tabindex="-1"
              value="any"
            />
            <svg
              aria-hidden="true"
              class="MuiSvgIcon-root MuiSelect-icon"
              focusable="false"
              viewBox="0 0 24 24"
            >
              <path
                d="M7 10l5 5 5-5z"
              />
            </svg>
          </div>
          <p
            class="MuiFormHelperText-root"
          >
            <svg
              aria-hidden="true"
              class="MuiSvgIcon-root"
              focusable="false"
              style="color:var(--color-palmLeaf);margin-right:0.3333rem"
              viewBox="0 0 24 24"
            >
              <path
                d="M12 1L3 5v6c0 5.55 3.84 10.74 9 12 5.16-1.26 9-6.45 9-12V5l-9-4zm-2 16l-4-4 1.41-1.41L10 14.17l6.59-6.59L18 9l-8 8z"
              />
            </svg>
          </p>
        </div>
        <div
          class="MuiGrid-root MuiGrid-item MuiGrid-grid-sm-6"
        >
          <button
            class="MuiButtonBase-root MuiButton-root MuiButton-contained makeStyles-groupButton-3 MuiButton-containedSizeSmall MuiButton-sizeSmall"
            tabindex="0"
            type="button"
          >
            <span
              class="MuiButton-label"
            >
              Add Group
            </span>
          </button>
          <button
            class="MuiButtonBase-root MuiButton-root MuiButton-contained makeStyles-groupButton-3 MuiButton-containedSizeSmall MuiButton-sizeSmall"
            tabindex="0"
            type="button"
          >
            <span
              class="MuiButton-label"
            >
              Add Rule
            </span>
          </button>
          <button
            class="MuiButtonBase-root MuiButton-root MuiButton-contained makeStyles-groupButton-3 MuiButton-containedSizeSmall MuiButton-sizeSmall"
            tabindex="0"
            type="button"
          >
            <span
              class="MuiButton-label"
            >
              Remove
            </span>
          </button>
        </div>
        <div
          class="MuiGrid-root MuiGrid-item MuiGrid-grid-sm-3"
        />
        <div
          class="MuiGrid-root MuiGrid-item MuiGrid-grid-sm-1"
        />
        <div
          class="MuiGrid-root MuiGrid-item MuiGrid-grid-sm-11"
        >
          <div
            class="MuiGrid-root makeStyles-nestedGroupGrid-2 MuiGrid-container MuiGrid-spacing-xs-4"
          >
            <div
              class="MuiGrid-root makeStyles-itemGrid-4 MuiGrid-container MuiGrid-spacing-xs-2"
            >
              <div
                class="MuiGrid-root MuiGrid-item MuiGrid-grid-sm-4"
              >
                <div
                  class="MuiFormControl-root MuiTextField-root MuiFormControl-fullWidth"
                >
                  <label
                    class="MuiFormLabel-root MuiInputLabel-root MuiInputLabel-formControl MuiInputLabel-animated MuiInputLabel-shrink MuiFormLabel-filled"
                    data-shrink="true"
                  >
                    <span>
                      Fact Name 
                    </span>
                  </label>
                  <div
                    class="MuiInputBase-root MuiInput-root MuiInput-underline MuiInputBase-fullWidth MuiInput-fullWidth MuiInputBase-formControl MuiInput-formControl"
                  >
                    <input
                      aria-invalid="false"
                      class="MuiInputBase-input MuiInput-input"
                      name="b_factName"
                      placeholder="Fact Name"
                      type="text"
                      value="firstFact"
                    />
                  </div>
                  <p
                    class="MuiFormHelperText-root MuiFormHelperText-filled"
                  >
                    <svg
                      aria-hidden="true"
                      class="MuiSvgIcon-root"
                      focusable="false"
                      style="color:var(--color-palmLeaf);margin-right:0.3333rem"
                      viewBox="0 0 24 24"
                    >
                      <path
                        d="M12 1L3 5v6c0 5.55 3.84 10.74 9 12 5.16-1.26 9-6.45 9-12V5l-9-4zm-2 16l-4-4 1.41-1.41L10 14.17l6.59-6.59L18 9l-8 8z"
                      />
                    </svg>
                  </p>
                </div>
              </div>
              <div
                class="MuiGrid-root MuiGrid-item MuiGrid-grid-sm-4"
              >
                <label
                  class="MuiFormLabel-root MuiInputLabel-root MuiInputLabel-animated"
                  id="operator"
                >
                  Operator
                </label>
                <div
                  class="MuiInputBase-root MuiInput-root MuiInput-underline MuiInputBase-fullWidth MuiInput-fullWidth"
                >
                  <div
                    aria-haspopup="listbox"
                    aria-labelledby="operator mui-component-select-b_operator"
                    class="MuiSelect-root MuiSelect-select MuiSelect-selectMenu MuiInputBase-input MuiInput-input"
                    id="mui-component-select-b_operator"
                    role="button"
                    tabindex="0"
                  >
                    equal
                  </div>
                  <input
                    aria-hidden="true"
                    class="MuiSelect-nativeInput"
                    name="b_operator"
                    tabindex="-1"
                    value="equal"
                  />
                  <svg
                    aria-hidden="true"
                    class="MuiSvgIcon-root MuiSelect-icon"
                    focusable="false"
                    viewBox="0 0 24 24"
                  >
                    <path
                      d="M7 10l5 5 5-5z"
                    />
                  </svg>
                </div>
                <p
                  class="MuiFormHelperText-root"
                >
                  <svg
                    aria-hidden="true"
                    class="MuiSvgIcon-root"
                    focusable="false"
                    style="color:var(--color-palmLeaf);margin-right:0.3333rem"
                    viewBox="0 0 24 24"
                  >
                    <path
                      d="M12 1L3 5v6c0 5.55 3.84 10.74 9 12 5.16-1.26 9-6.45 9-12V5l-9-4zm-2 16l-4-4 1.41-1.41L10 14.17l6.59-6.59L18 9l-8 8z"
                    />
                  </svg>
                </p>
              </div>
              <div
                class="MuiGrid-root MuiGrid-item MuiGrid-grid-sm-4"
              >
                <div
                  class="MuiFormControl-root MuiTextField-root MuiFormControl-fullWidth"
                >
                  <label
                    class="MuiFormLabel-root MuiInputLabel-root MuiInputLabel-formControl MuiInputLabel-animated MuiInputLabel-shrink MuiFormLabel-filled"
                    data-shrink="true"
                  >
                    <span>
                      Value 
                    </span>
                  </label>
                  <div
                    class="MuiInputBase-root MuiInput-root MuiInput-underline MuiInputBase-fullWidth MuiInput-fullWidth MuiInputBase-formControl MuiInput-formControl"
                  >
                    <input
                      aria-invalid="false"
                      class="MuiInputBase-input MuiInput-input"
                      name="b_value"
                      placeholder="Value"
                      type="text"
                      value="firstValue"
                    />
                  </div>
                  <p
                    class="MuiFormHelperText-root MuiFormHelperText-filled"
                  >
                    <svg
                      aria-hidden="true"
                      class="MuiSvgIcon-root"
                      focusable="false"
                      style="color:var(--color-palmLeaf);margin-right:0.3333rem"
                      viewBox="0 0 24 24"
                    >
                      <path
                        d="M12 1L3 5v6c0 5.55 3.84 10.74 9 12 5.16-1.26 9-6.45 9-12V5l-9-4zm-2 16l-4-4 1.41-1.41L10 14.17l6.59-6.59L18 9l-8 8z"
                      />
                    </svg>
                  </p>
                </div>
              </div>
            </div>
            <div
              class="MuiGrid-root makeStyles-groupGrid-1 MuiGrid-container MuiGrid-spacing-xs-2"
            >
              <div
                class="MuiGrid-root MuiGrid-item MuiGrid-grid-sm-3"
              >
                <label
                  class="MuiFormLabel-root MuiInputLabel-root MuiInputLabel-animated"
                  id="boolean expression"
                >
                  Boolean Expression
                </label>
                <div
                  class="MuiInputBase-root MuiInput-root MuiInput-underline MuiInputBase-fullWidth MuiInput-fullWidth"
                >
                  <div
                    aria-haspopup="listbox"
                    aria-labelledby="boolean expression mui-component-select-c_expression"
                    class="MuiSelect-root MuiSelect-select MuiSelect-selectMenu MuiInputBase-input MuiInput-input"
                    id="mui-component-select-c_expression"
                    role="button"
                    tabindex="0"
                  >
                    ALL
                  </div>
                  <input
                    aria-hidden="true"
                    class="MuiSelect-nativeInput"
                    name="c_expression"
                    tabindex="-1"
                    value="all"
                  />
                  <svg
                    aria-hidden="true"
                    class="MuiSvgIcon-root MuiSelect-icon"
                    focusable="false"
                    viewBox="0 0 24 24"
                  >
                    <path
                      d="M7 10l5 5 5-5z"
                    />
                  </svg>
                </div>
                <p
                  class="MuiFormHelperText-root"
                >
                  <svg
                    aria-hidden="true"
                    class="MuiSvgIcon-root"
                    focusable="false"
                    style="color:var(--color-palmLeaf);margin-right:0.3333rem"
                    viewBox="0 0 24 24"
                  >
                    <path
                      d="M12 1L3 5v6c0 5.55 3.84 10.74 9 12 5.16-1.26 9-6.45 9-12V5l-9-4zm-2 16l-4-4 1.41-1.41L10 14.17l6.59-6.59L18 9l-8 8z"
                    />
                  </svg>
                </p>
              </div>
              <div
                class="MuiGrid-root MuiGrid-item MuiGrid-grid-sm-6"
              >
                <button
                  class="MuiButtonBase-root MuiButton-root MuiButton-contained makeStyles-groupButton-3 MuiButton-containedSizeSmall MuiButton-sizeSmall"
                  tabindex="0"
                  type="button"
                >
                  <span
                    class="MuiButton-label"
                  >
                    Add Group
                  </span>
                </button>
                <button
                  class="MuiButtonBase-root MuiButton-root MuiButton-contained makeStyles-groupButton-3 MuiButton-containedSizeSmall MuiButton-sizeSmall"
                  tabindex="0"
                  type="button"
                >
                  <span
                    class="MuiButton-label"
                  >
                    Add Rule
                  </span>
                </button>
                <button
                  class="MuiButtonBase-root MuiButton-root MuiButton-contained makeStyles-groupButton-3 MuiButton-containedSizeSmall MuiButton-sizeSmall"
                  tabindex="0"
                  type="button"
                >
                  <span
                    class="MuiButton-label"
                  >
                    Remove
                  </span>
                </button>
              </div>
              <div
                class="MuiGrid-root MuiGrid-item MuiGrid-grid-sm-3"
              />
              <div
                class="MuiGrid-root MuiGrid-item MuiGrid-grid-sm-1"
              />
              <div
                class="MuiGrid-root MuiGrid-item MuiGrid-grid-sm-11"
              >
                <div
                  class="MuiGrid-root makeStyles-nestedGroupGrid-2 MuiGrid-container MuiGrid-spacing-xs-4"
                >
                  <div
                    class="MuiGrid-root makeStyles-itemGrid-4 MuiGrid-container MuiGrid-spacing-xs-2"
                  >
                    <div
                      class="MuiGrid-root MuiGrid-item MuiGrid-grid-sm-4"
                    >
                      <div
                        class="MuiFormControl-root MuiTextField-root MuiFormControl-fullWidth"
                      >
                        <label
                          class="MuiFormLabel-root MuiInputLabel-root MuiInputLabel-formControl MuiInputLabel-animated MuiInputLabel-shrink"
                          data-shrink="true"
                        >
                          <span>
                            Fact Name 
                          </span>
                        </label>
                        <div
                          class="MuiInputBase-root MuiInput-root MuiInput-underline MuiInputBase-fullWidth MuiInput-fullWidth MuiInputBase-formControl MuiInput-formControl"
                        >
                          <input
                            aria-invalid="false"
                            class="MuiInputBase-input MuiInput-input"
                            name="d_factName"
                            placeholder="Fact Name"
                            type="text"
                            value=""
                          />
                        </div>
                        <p
                          class="MuiFormHelperText-root"
                        >
                          <span>
                            ​
                          </span>
                        </p>
                      </div>
                    </div>
                    <div
                      class="MuiGrid-root MuiGrid-item MuiGrid-grid-sm-4"
                    >
                      <label
                        class="MuiFormLabel-root MuiInputLabel-root MuiInputLabel-animated"
                        id="operator"
                      >
                        Operator
                      </label>
                      <div
                        class="MuiInputBase-root MuiInput-root MuiInput-underline MuiInputBase-fullWidth MuiInput-fullWidth"
                      >
                        <div
                          aria-haspopup="listbox"
                          aria-labelledby="operator mui-component-select-d_operator"
                          class="MuiSelect-root MuiSelect-select MuiSelect-selectMenu MuiInputBase-input MuiInput-input"
                          id="mui-component-select-d_operator"
                          role="button"
                          tabindex="0"
                        >
                          - -
                        </div>
                        <input
                          aria-hidden="true"
                          class="MuiSelect-nativeInput"
                          name="d_operator"
                          tabindex="-1"
                          value=""
                        />
                        <svg
                          aria-hidden="true"
                          class="MuiSvgIcon-root MuiSelect-icon"
                          focusable="false"
                          viewBox="0 0 24 24"
                        >
                          <path
                            d="M7 10l5 5 5-5z"
                          />
                        </svg>
                      </div>
                      <p
                        class="MuiFormHelperText-root"
                      >
                        <span>
                          ​
                        </span>
                      </p>
                    </div>
                    <div
                      class="MuiGrid-root MuiGrid-item MuiGrid-grid-sm-4"
                    >
                      <div
                        class="MuiFormControl-root MuiTextField-root MuiFormControl-fullWidth"
                      >
                        <label
                          class="MuiFormLabel-root MuiInputLabel-root MuiInputLabel-formControl MuiInputLabel-animated MuiInputLabel-shrink"
                          data-shrink="true"
                        >
                          <span>
                            Value 
                          </span>
                        </label>
                        <div
                          class="MuiInputBase-root MuiInput-root MuiInput-underline MuiInputBase-fullWidth MuiInput-fullWidth MuiInputBase-formControl MuiInput-formControl"
                        >
                          <input
                            aria-invalid="false"
                            class="MuiInputBase-input MuiInput-input"
                            name="d_value"
                            placeholder="Value"
                            type="text"
                            value=""
                          />
                        </div>
                        <p
                          class="MuiFormHelperText-root"
                        >
                          <span>
                            ​
                          </span>
                        </p>
                      </div>
                    </div>
                  </div>
                  <div
                    class="MuiGrid-root makeStyles-itemGrid-4 MuiGrid-container MuiGrid-spacing-xs-2"
                  >
                    <div
                      class="MuiGrid-root MuiGrid-item MuiGrid-grid-sm-4"
                    >
                      <div
                        class="MuiFormControl-root MuiTextField-root MuiFormControl-fullWidth"
                      >
                        <label
                          class="MuiFormLabel-root MuiInputLabel-root MuiInputLabel-formControl MuiInputLabel-animated MuiInputLabel-shrink"
                          data-shrink="true"
                        >
                          <span>
                            Fact Name 
                          </span>
                        </label>
                        <div
                          class="MuiInputBase-root MuiInput-root MuiInput-underline MuiInputBase-fullWidth MuiInput-fullWidth MuiInputBase-formControl MuiInput-formControl"
                        >
                          <input
                            aria-invalid="false"
                            class="MuiInputBase-input MuiInput-input"
                            name="e_factName"
                            placeholder="Fact Name"
                            type="text"
                            value=""
                          />
                        </div>
                        <p
                          class="MuiFormHelperText-root"
                        >
                          <span>
                            ​
                          </span>
                        </p>
                      </div>
                    </div>
                    <div
                      class="MuiGrid-root MuiGrid-item MuiGrid-grid-sm-4"
                    >
                      <label
                        class="MuiFormLabel-root MuiInputLabel-root MuiInputLabel-animated"
                        id="operator"
                      >
                        Operator
                      </label>
                      <div
                        class="MuiInputBase-root MuiInput-root MuiInput-underline MuiInputBase-fullWidth MuiInput-fullWidth"
                      >
                        <div
                          aria-haspopup="listbox"
                          aria-labelledby="operator mui-component-select-e_operator"
                          class="MuiSelect-root MuiSelect-select MuiSelect-selectMenu MuiInputBase-input MuiInput-input"
                          id="mui-component-select-e_operator"
                          role="button"
                          tabindex="0"
                        >
                          - -
                        </div>
                        <input
                          aria-hidden="true"
                          class="MuiSelect-nativeInput"
                          name="e_operator"
                          tabindex="-1"
                          value=""
                        />
                        <svg
                          aria-hidden="true"
                          class="MuiSvgIcon-root MuiSelect-icon"
                          focusable="false"
                          viewBox="0 0 24 24"
                        >
                          <path
                            d="M7 10l5 5 5-5z"
                          />
                        </svg>
                      </div>
                      <p
                        class="MuiFormHelperText-root"
                      >
                        <span>
                          ​
                        </span>
                      </p>
                    </div>
                    <div
                      class="MuiGrid-root MuiGrid-item MuiGrid-grid-sm-4"
                    >
                      <div
                        class="MuiFormControl-root MuiTextField-root MuiFormControl-fullWidth"
                      >
                        <label
                          class="MuiFormLabel-root MuiInputLabel-root MuiInputLabel-formControl MuiInputLabel-animated MuiInputLabel-shrink"
                          data-shrink="true"
                        >
                          <span>
                            Value 
                          </span>
                        </label>
                        <div
                          class="MuiInputBase-root MuiInput-root MuiInput-underline MuiInputBase-fullWidth MuiInput-fullWidth MuiInputBase-formControl MuiInput-formControl"
                        >
                          <input
                            aria-invalid="false"
                            class="MuiInputBase-input MuiInput-input"
                            name="e_value"
                            placeholder="Value"
                            type="text"
                            value=""
                          />
                        </div>
                        <p
                          class="MuiFormHelperText-root"
                        >
                          <span>
                            ​
                          </span>
                        </p>
                      </div>
                    </div>
                  </div>
                </div>
              </div>
            </div>
          </div>
        </div>
      </div>
    </div>
  </div>
</form>
`;
